// Jest Snapshot v1, https://goo.gl/fbAQLP

exports[`SearchResult matches snapshot 1`] = `
<div>
  <ul>
    <li
      aria-label="mock aria label"
      class="sc-bcXHqe fJGIbY"
      id="0"
    >
      <div
        class="sc-gswNZR kAtizF"
      >
        <h3>
          <a
            href="https://google.com"
            rel="noopener noreferrer"
            target="_blank"
          >
            <span>
              name
              /
            </span>
            <span>
              owner
            </span>
          </a>
        </h3>
        <div>
          mock description
        </div>
      </div>
      <div
        class="sc-dkrFOg eTqXsG"
      >
        <p>
          Stars:
        </p>
        <p>
          <a
            href="https://google.com/stargazers"
          >
            0
          </a>
        </p>
      </div>
      <div
        class="sc-hLBbgP hWJglC"
      >
        <p>
          License:
        </p>
        <p>
          mit
        </p>
      </div>
    </li>
  </ul>
</div>
`;
