// Jest Snapshot v1, https://goo.gl/fbAQLP

exports[`SearchResults matches snapshot 1`] = `
<div>
  <div
    aria-label="mock aria label"
    class="sc-jSUZER jUNxna"
  >
    <h2>
      mock title
    </h2>
    <div>
      <p>
        Please enter a query above. 
        <span>
          This search only supports the “user” and “stars” qualifiers.
        </span>
         
        <a
          href="https://docs.github.com/en/enterprise-cloud@latest/search-github/searching-on-github/searching-for-repositories"
          rel="noopener noreferrer"
          target="_blank"
        >
          See here for syntax.
        </a>
      </p>
    </div>
  </div>
</div>
`;
